# Detector n:     1  
th        
# A/Z Isotopes:
  235   84   0.000       0.000    
  235   85   0.000       0.000    
  235   86   0.000       0.000    
  235   87   0.000       0.000    
  235   88   0.000       0.000    
  235   89   0.000       0.000    
  235   90   0.000       0.000    
  235   91   0.000       0.000    
  235   92  1.0102E-04   57.50    
  235   93   0.000       0.000    
  235   94   0.000       0.000    
  234   84   0.000       0.000    
  234   85   0.000       0.000    
  234   86   0.000       0.000    
  234   87   0.000       0.000    
  234   88   0.000       0.000    
  234   89   0.000       0.000    
  234   90  2.8076E+07   8.931    
  234   91  3.6928E+04   8.931    
  234   92   22.52       6.375    
  234   93   0.000       0.000    
  234   94   0.000       0.000    
  233   84   0.000       0.000    
  233   85   0.000       0.000    
  233   86   0.000       0.000    
  233   87   0.000       0.000    
  233   88   0.000       0.000    
  233   89   0.000       0.000    
  233   90   0.000       0.000    
  233   91  1.7890E+11  0.1115    
  233   92  3.8656E+04  0.1118    
  233   93   0.000       0.000    
  233   94   0.000       0.000    
  232   84   0.000       0.000    
  232   85   0.000       0.000    
  232   86   0.000       0.000    
  232   87   0.000       0.000    
  232   88   0.000       0.000    
  232   89   0.000       0.000    
  232   90   39.99      2.2563E-02
  232   91  2.1419E+09  0.1766    
  232   92  1.1769E+08  0.1767    
  232   93   0.000       0.000    
  232   94   0.000       0.000    
  231   84   0.000       0.000    
  231   85   0.000       0.000    
  231   86   0.000       0.000    
  231   87   0.000       0.000    
  231   88   0.000       0.000    
  231   89   0.000       0.000    
  231   90  1.2092E+10  3.8409E-02
  231   91  5.9011E+06  3.6799E-02
  231   92  3.2911E+06   24.90    
  231   93   0.000       0.000    
  231   94   0.000       0.000    
  230   84   0.000       0.000    
  230   85   0.000       0.000    
  230   86   0.000       0.000    
  230   87   0.000       0.000    
  230   88  7.6883E-38   2.088    
  230   89  7.8601E-38   2.088    
  230   90  2.6714E+06  3.2981E-02
  230   91  8.7312E+10  0.1647    
  230   92  3.7709E+09  0.1647    
  230   93   0.000       0.000    
  230   94   0.000       0.000    
  229   84   0.000       0.000    
  229   85   0.000       0.000    
  229   86   0.000       0.000    
  229   87   0.000       0.000    
  229   88   0.000       0.000    
  229   89   0.000       0.000    
  229   90  2.0547E+07  4.1563E-02
  229   91  1.1842E+10  9.6866E-02
  229   92   0.000       0.000    
  229   93   0.000       0.000    
  229   94   0.000       0.000    
  228   84   0.000       0.000    
  228   85   0.000       0.000    
  228   86   0.000       0.000    
  228   87   0.000       0.000    
  228   88  3.5112E+07   1.143    
  228   89  3.5116E+07   1.143    
  228   90  7.4088E+10  4.0113E-02
  228   91  7.4239E+07  0.2811    
  228   92   0.000       0.000    
  228   93   0.000       0.000    
  228   94   0.000       0.000    
  227   84   0.000       0.000    
  227   85   0.000       0.000    
  227   86   0.000       0.000    
  227   87   0.000       0.000    
  227   88   1.244      3.8409E-02
  227   89  6.9311E+08  0.1304    
  227   90  6.0945E+11  6.7448E-02
  227   91   0.000       0.000    
  227   92   0.000       0.000    
  227   93   0.000       0.000    
  227   94   0.000       0.000    
  226   84   0.000       0.000    
  226   85   0.000       0.000    
  226   86   0.000       0.000    
  226   87   0.000       0.000    
  226   88  1.4321E+06  0.1637    
  226   89  2.0957E+09  0.1438    
  226   90  5.5372E+09  0.1221    
  226   91   0.000       0.000    
  226   92   0.000       0.000    
  226   93   0.000       0.000    
  226   94   0.000       0.000    
  225   84   0.000       0.000    
  225   85   0.000       0.000    
  225   86   0.000       0.000    
  225   87   0.000       0.000    
  225   88  3.6760E+09  0.7920    
  225   89  1.8143E+11  0.1274    
  225   90   0.000       0.000    
  225   91   0.000       0.000    
  225   92   0.000       0.000    
  225   93   0.000       0.000    
  225   94   0.000       0.000    
  224   84   0.000       0.000    
  224   85   0.000       0.000    
  224   86  3.8350E-35   99.00    
  224   87   1.931       1.143    
  224   88  1.1842E+11  7.5747E-02
  224   89  1.5821E+06  0.2811    
  224   90  2.4915E+04  0.2811    
  224   91   0.000       0.000    
  224   92   0.000       0.000    
  224   93   0.000       0.000    
  224   94   0.000       0.000    
  223   84   0.000       0.000    
  223   85   0.000       0.000    
  223   86   0.000       0.000    
  223   87  9.5650E+06  0.1304    
  223   88  4.6156E+11  6.7061E-02
  223   89   0.000       0.000    
  223   90   0.000       0.000    
  223   91   0.000       0.000    
  223   92   0.000       0.000    
  223   93   0.000       0.000    
  223   94   0.000       0.000    
  222   84   0.000       0.000    
  222   85   0.000       0.000    
  222   86  1.7934E+06   16.40    
  222   87  1.2675E+05  0.1438    
  222   88  5.5379E+09  0.1221    
  222   89   0.000       0.000    
  222   90   0.000       0.000    
  222   91   0.000       0.000    
  222   92   0.000       0.000    
  222   93   0.000       0.000    
  222   94   0.000       0.000    
  221   84   0.000       0.000    
  221   85   0.000       0.000    
  221   86   0.000       0.000    
  221   87  1.8149E+11  0.1274    
  221   88  1.8132E+08  0.1274    
  221   89   0.000       0.000    
  221   90   0.000       0.000    
  221   91   0.000       0.000    
  221   92   0.000       0.000    
  221   93   0.000       0.000    
  221   94   0.000       0.000    
  220   84   0.000       0.000    
  220   85   0.000       0.000    
  220   86  1.1843E+11  7.5753E-02
  220   87  1.4175E+05  0.2811    
  220   88  2.5411E+04  0.2811    
  220   89   0.000       0.000    
  220   90   0.000       0.000    
  220   91   0.000       0.000    
  220   92   0.000       0.000    
  220   93   0.000       0.000    
  220   94   0.000       0.000    
  219   84   0.000       0.000    
  219   85   573.9      0.1304    
  219   86  4.6156E+11  6.7061E-02
  219   87   0.000       0.000    
  219   88   0.000       0.000    
  219   89   0.000       0.000    
  219   90   0.000       0.000    
  219   91   0.000       0.000    
  219   92   0.000       0.000    
  219   93   0.000       0.000    
  219   94   0.000       0.000    
  218   84  1.7936E+06   16.40    
  218   85   358.7       16.40    
  218   86  5.5379E+09  0.1221    
  218   87   0.000       0.000    
  218   88   0.000       0.000    
  218   89   0.000       0.000    
  218   90   0.000       0.000    
  218   91   0.000       0.000    
  218   92   0.000       0.000    
  218   93   0.000       0.000    
  218   94   0.000       0.000    
  217   84   0.000       0.000    
  217   85  1.8131E+11  0.1274    
  217   86  1.9945E+08  0.1274    
  217   87   0.000       0.000    
  217   88   0.000       0.000    
  217   89   0.000       0.000    
  217   90   0.000       0.000    
  217   91   0.000       0.000    
  217   92   0.000       0.000    
  217   93   0.000       0.000    
  217   94   0.000       0.000    
  216   84  1.1843E+11  7.5753E-02
  216   85  1.4126E+05  0.2811    
  216   86  2.5411E+04  0.2811    
  216   87   0.000       0.000    
  216   88   0.000       0.000    
  216   89   0.000       0.000    
  216   90   0.000       0.000    
  216   91   0.000       0.000    
  216   92   0.000       0.000    
  216   93   0.000       0.000    
  216   94   0.000       0.000    
  215   84  4.6156E+11  6.7061E-02
  215   85  1.0616E+06  6.7061E-02
  215   86   0.000       0.000    
  215   87   0.000       0.000    
  215   88   0.000       0.000    
  215   89   0.000       0.000    
  215   90   0.000       0.000    
  215   91   0.000       0.000    
  215   92   0.000       0.000    
  215   93   0.000       0.000    
  215   94   0.000       0.000    
  214   84  5.5397E+09  0.1227    
  214   85   0.000       0.000    
  214   86   0.000       0.000    
  214   87   0.000       0.000    
  214   88   0.000       0.000    
  214   89   0.000       0.000    
  214   90   0.000       0.000    
  214   91   0.000       0.000    
  214   92   0.000       0.000    
  214   93   0.000       0.000    
  214   94   0.000       0.000    
  213   84  1.7825E+11  0.1274    
  213   85   0.000       0.000    
  213   86   0.000       0.000    
  213   87   0.000       0.000    
  213   88   0.000       0.000    
  213   89   0.000       0.000    
  213   90   0.000       0.000    
  213   91   0.000       0.000    
  213   92   0.000       0.000    
  213   93   0.000       0.000    
  213   94   0.000       0.000    
  212   84  8.0135E+10  8.1233E-02
  212   85   0.000       0.000    
  212   86   0.000       0.000    
  212   87   0.000       0.000    
  212   88   0.000       0.000    
  212   89   0.000       0.000    
  212   90   0.000       0.000    
  212   91   0.000       0.000    
  212   92   0.000       0.000    
  212   93   0.000       0.000    
  212   94   0.000       0.000    
  211   84  1.2915E+09  6.7051E-02
  211   85  2.4010E+05  0.8592    
  211   86  1.6724E+05  0.8593    
  211   87   0.000       0.000    
  211   88   0.000       0.000    
  211   89   0.000       0.000    
  211   90   0.000       0.000    
  211   91   0.000       0.000    
  211   92   0.000       0.000    
  211   93   0.000       0.000    
  211   94   0.000       0.000    
  210   84  2.6514E+10  0.1365    
  210   85   105.0      0.3791    
  210   86  2.3575E-21   2.046    
  210   87   0.000       0.000    
  210   88   0.000       0.000    
  210   89   0.000       0.000    
  210   90   0.000       0.000    
  210   91   0.000       0.000    
  210   92   0.000       0.000    
  210   93   0.000       0.000    
  210   94   0.000       0.000    
  209   84  3.0450E+07  0.2930    
  209   85  2.3441E-03  0.4984    
  209   86   0.000       0.000    
  209   87   0.000       0.000    
  209   88   0.000       0.000    
  209   89   0.000       0.000    
  209   90   0.000       0.000    
  209   91   0.000       0.000    
  209   92   0.000       0.000    
  209   93   0.000       0.000    
  209   94   0.000       0.000    
  208   84  5.0994E+08  0.3822    
  208   85  3.4768E-35  0.9439    
  208   86   0.000       0.000    
  208   87   0.000       0.000    
  208   88   0.000       0.000    
  208   89   0.000       0.000    
  208   90   0.000       0.000    
  208   91   0.000       0.000    
  208   92   0.000       0.000    
  208   93   0.000       0.000    
  208   94   0.000       0.000    
  207   84  7.5949E+04  0.8593    
  207   85  1.2833E-31   2.397    
  207   86   0.000       0.000    
  207   87   0.000       0.000    
  207   88   0.000       0.000    
  207   89   0.000       0.000    
  207   90   0.000       0.000    
  207   91   0.000       0.000    
  207   92   0.000       0.000    
  207   93   0.000       0.000    
  207   94   0.000       0.000    
  206   84  7.3256E+08   2.032    
  206   85   0.000       0.000    
  206   86   0.000       0.000    
  206   87   0.000       0.000    
  206   88   0.000       0.000    
  206   89   0.000       0.000    
  206   90   0.000       0.000    
  206   91   0.000       0.000    
  206   92   0.000       0.000    
  206   93   0.000       0.000    
  206   94   0.000       0.000    
  205   84  5.7005E-37   16.53    
  205   85   0.000       0.000    
  205   86   0.000       0.000    
  205   87   0.000       0.000    
  205   88   0.000       0.000    
  205   89   0.000       0.000    
  205   90   0.000       0.000    
  205   91   0.000       0.000    
  205   92   0.000       0.000    
  205   93   0.000       0.000    
  205   94   0.000       0.000    
  215   73   0.000       0.000    
  215   74   0.000       0.000    
  215   75   0.000       0.000    
  215   76   0.000       0.000    
  215   77   0.000       0.000    
  215   78   0.000       0.000    
  215   79   0.000       0.000    
  215   80   0.000       0.000    
  215   81   0.000       0.000    
  215   82   0.000       0.000    
  215   83   556.7      0.1304    
  214   73   0.000       0.000    
  214   74   0.000       0.000    
  214   75   0.000       0.000    
  214   76   0.000       0.000    
  214   77   0.000       0.000    
  214   78   0.000       0.000    
  214   79   0.000       0.000    
  214   80   0.000       0.000    
  214   81   0.000       0.000    
  214   82  1.7950E+06   16.47    
  214   83  1.7967E+06   16.52    
  213   73   0.000       0.000    
  213   74   0.000       0.000    
  213   75   0.000       0.000    
  213   76   0.000       0.000    
  213   77   0.000       0.000    
  213   78   0.000       0.000    
  213   79   0.000       0.000    
  213   80   0.000       0.000    
  213   81   0.000       0.000    
  213   82   0.000       0.000    
  213   83  1.8186E+11  0.1274    
  212   73   0.000       0.000    
  212   74   0.000       0.000    
  212   75   0.000       0.000    
  212   76   0.000       0.000    
  212   77   0.000       0.000    
  212   78   0.000       0.000    
  212   79   0.000       0.000    
  212   80   0.000       0.000    
  212   81   0.000       0.000    
  212   82  1.2454E+11  8.0772E-02
  212   83  1.2512E+11  8.1233E-02
  211   73   0.000       0.000    
  211   74   0.000       0.000    
  211   75   0.000       0.000    
  211   76   0.000       0.000    
  211   77   0.000       0.000    
  211   78   0.000       0.000    
  211   79   0.000       0.000    
  211   80   0.000       0.000    
  211   81   0.000       0.000    
  211   82  4.6123E+11  6.7061E-02
  211   83  4.6121E+11  6.7061E-02
  210   73   0.000       0.000    
  210   74   0.000       0.000    
  210   75   0.000       0.000    
  210   76   0.000       0.000    
  210   77   0.000       0.000    
  210   78   0.000       0.000    
  210   79   0.000       0.000    
  210   80   0.000       0.000    
  210   81   359.3       16.52    
  210   82  3.7440E+09  5.2011E-02
  210   83  6.2029E+10  0.1766    
  209   73   0.000       0.000    
  209   74   0.000       0.000    
  209   75   0.000       0.000    
  209   76   0.000       0.000    
  209   77   0.000       0.000    
  209   78   0.000       0.000    
  209   79   0.000       0.000    
  209   80   0.000       0.000    
  209   81  3.8014E+09  0.1274    
  209   82  1.8451E+11  0.1275    
  209   83   0.000       0.000    
  208   73   0.000       0.000    
  208   74   0.000       0.000    
  208   75   0.000       0.000    
  208   76   0.000       0.000    
  208   77   0.000       0.000    
  208   78   0.000       0.000    
  208   79   0.000       0.000    
  208   80   0.000       0.000    
  208   81  4.4979E+10  8.1256E-02
  208   82   0.000       0.000    
  208   83   9672.      0.2444    
  207   73   0.000       0.000    
  207   74   0.000       0.000    
  207   75   0.000       0.000    
  207   76   0.000       0.000    
  207   77   0.000       0.000    
  207   78   0.000       0.000    
  207   79   0.000       0.000    
  207   80   0.000       0.000    
  207   81  4.5987E+11  6.7061E-02
  207   82   0.000       0.000    
  207   83  4.1353E+07  0.2973    
  206   73   0.000       0.000    
  206   74   0.000       0.000    
  206   75   0.000       0.000    
  206   76   0.000       0.000    
  206   77   0.000       0.000    
  206   78   0.000       0.000    
  206   79   0.000       0.000    
  206   80   71.14      5.2011E-02
  206   81  8.0752E+04  0.1765    
  206   82   0.000       0.000    
  206   83  9.2687E+08   1.922    
  205   73   0.000       0.000    
  205   74   0.000       0.000    
  205   75   0.000       0.000    
  205   76   0.000       0.000    
  205   77   0.000       0.000    
  205   78   0.000       0.000    
  205   79   0.000       0.000    
  205   80   0.000       0.000    
  205   81   0.000       0.000    
  205   82   1.456      0.8291    
  205   83  5.4038E+08  0.7673    
  204   73   0.000       0.000    
  204   74   0.000       0.000    
  204   75   0.000       0.000    
  204   76   0.000       0.000    
  204   77   0.000       0.000    
  204   78   0.000       0.000    
  204   79   0.000       0.000    
  204   80   0.000       0.000    
  204   81  6.8450E+04   29.54    
  204   82   0.000       0.000    
  204   83   43.62       8.337    
  203   73   0.000       0.000    
  203   74   0.000       0.000    
  203   75   0.000       0.000    
  203   76   0.000       0.000    
  203   77   0.000       0.000    
  203   78   0.000       0.000    
  203   79   0.000       0.000    
  203   80  4.4585E+05   57.50    
  203   81   0.000       0.000    
  203   82  1.2377E+07   4.798    
  203   83   164.9       4.298    
  202   73   0.000       0.000    
  202   74   0.000       0.000    
  202   75   0.000       0.000    
  202   76   0.000       0.000    
  202   77   0.000       0.000    
  202   78   0.000       0.000    
  202   79   0.000       0.000    
  202   80   0.000       0.000    
  202   81  1.9467E+07   12.41    
  202   82   69.73       5.483    
  202   83  2.1072E-35   23.40    
  201   73   0.000       0.000    
  201   74   0.000       0.000    
  201   75   0.000       0.000    
  201   76   0.000       0.000    
  201   77   0.000       0.000    
  201   78   0.000       0.000    
  201   79   0.000       0.000    
  201   80   0.000       0.000    
  201   81  1.9634E+07   7.279    
  201   82  0.7041       18.14    
  201   83  1.0461E-34   70.57    
  200   73   0.000       0.000    
  200   74   0.000       0.000    
  200   75   0.000       0.000    
  200   76   0.000       0.000    
  200   77   0.000       0.000    
  200   78   0.000       0.000    
  200   79   16.07       99.00    
  200   80   0.000       0.000    
  200   81  3.7262E+05   9.916    
  200   82   3809.       37.34    
  200   83   0.000       0.000    
  199   73   0.000       0.000    
  199   74   0.000       0.000    
  199   75   0.000       0.000    
  199   76   0.000       0.000    
  199   77   0.000       0.000    
  199   78   0.000       0.000    
  199   79  2.4417E+05   70.57    
  199   80   0.000       0.000    
  199   81  3.5961E-02   7.818    
  199   82   0.000       0.000    
  199   83   0.000       0.000    
  198   73   0.000       0.000    
  198   74   0.000       0.000    
  198   75   0.000       0.000    
  198   76   0.000       0.000    
  198   77   0.000       0.000    
  198   78   0.000       0.000    
  198   79  3.4917E+05   70.57    
  198   80   0.000       0.000    
  198   81  8.0729E-07   16.84    
  198   82   0.000       0.000    
  198   83   0.000       0.000    
  197   73   0.000       0.000    
  197   74   0.000       0.000    
  197   75   0.000       0.000    
  197   76   0.000       0.000    
  197   77   0.000       0.000    
  197   78   0.000       0.000    
  197   79   0.000       0.000    
  197   80  1.0341E+06   31.10    
  197   81  9.1012E-20   70.41    
  197   82   0.000       0.000    
  197   83   0.000       0.000    
  196   73   0.000       0.000    
  196   74   0.000       0.000    
  196   75   0.000       0.000    
  196   76   0.000       0.000    
  196   77   0.000       0.000    
  196   78   0.000       0.000    
  196   79  8.4174E+05   57.50    
  196   80   0.000       0.000    
  196   81   0.000       0.000    
  196   82   0.000       0.000    
  196   83   0.000       0.000    
  195   73   0.000       0.000    
  195   74   0.000       0.000    
  195   75   0.000       0.000    
  195   76   0.000       0.000    
  195   77   0.000       0.000    
  195   78   0.000       0.000    
  195   79  8.7924E+04   70.57    
  195   80   0.000       0.000    
  195   81   0.000       0.000    
  195   82   0.000       0.000    
  195   83   0.000       0.000    
  194   73   0.000       0.000    
  194   74   0.000       0.000    
  194   75   0.000       0.000    
  194   76   0.000       0.000    
  194   77   0.000       0.000    
  194   78   0.000       0.000    
  194   79   0.000       0.000    
  194   80   0.000       0.000    
  194   81   0.000       0.000    
  194   82   0.000       0.000    
  194   83   0.000       0.000    
  193   73   0.000       0.000    
  193   74   0.000       0.000    
  193   75   0.000       0.000    
  193   76   0.000       0.000    
  193   77   0.000       0.000    
  193   78   0.000       0.000    
  193   79   0.000       0.000    
  193   80   0.000       0.000    
  193   81   0.000       0.000    
  193   82   0.000       0.000    
  193   83   0.000       0.000    
  192   73   0.000       0.000    
  192   74   0.000       0.000    
  192   75   0.000       0.000    
  192   76   0.000       0.000    
  192   77   0.000       0.000    
  192   78   0.000       0.000    
  192   79   0.000       0.000    
  192   80   0.000       0.000    
  192   81   0.000       0.000    
  192   82   0.000       0.000    
  192   83   0.000       0.000    
  191   73   0.000       0.000    
  191   74   0.000       0.000    
  191   75   0.000       0.000    
  191   76   0.000       0.000    
  191   77   0.000       0.000    
  191   78   0.000       0.000    
  191   79   0.000       0.000    
  191   80   0.000       0.000    
  191   81   0.000       0.000    
  191   82   0.000       0.000    
  191   83   0.000       0.000    
  190   73   0.000       0.000    
  190   74   0.000       0.000    
  190   75   0.000       0.000    
  190   76   0.000       0.000    
  190   77   0.000       0.000    
  190   78   0.000       0.000    
  190   79   0.000       0.000    
  190   80   0.000       0.000    
  190   81   0.000       0.000    
  190   82   0.000       0.000    
  190   83   0.000       0.000    
  189   73   0.000       0.000    
  189   74   0.000       0.000    
  189   75   0.000       0.000    
  189   76   0.000       0.000    
  189   77   0.000       0.000    
  189   78   0.000       0.000    
  189   79   0.000       0.000    
  189   80   0.000       0.000    
  189   81   0.000       0.000    
  189   82   0.000       0.000    
  189   83   0.000       0.000    
  188   73   0.000       0.000    
  188   74   0.000       0.000    
  188   75   0.000       0.000    
  188   76   0.000       0.000    
  188   77   0.000       0.000    
  188   78   0.000       0.000    
  188   79   0.000       0.000    
  188   80   0.000       0.000    
  188   81   0.000       0.000    
  188   82   0.000       0.000    
  188   83   0.000       0.000    
  187   73   0.000       0.000    
  187   74   0.000       0.000    
  187   75   0.000       0.000    
  187   76   0.000       0.000    
  187   77   0.000       0.000    
  187   78   0.000       0.000    
  187   79   0.000       0.000    
  187   80   0.000       0.000    
  187   81   0.000       0.000    
  187   82   0.000       0.000    
  187   83   0.000       0.000    
  186   73   0.000       0.000    
  186   74   0.000       0.000    
  186   75   0.000       0.000    
  186   76   0.000       0.000    
  186   77   0.000       0.000    
  186   78   0.000       0.000    
  186   79   0.000       0.000    
  186   80   0.000       0.000    
  186   81   0.000       0.000    
  186   82   0.000       0.000    
  186   83   0.000       0.000    
  185   73   0.000       0.000    
  185   74   0.000       0.000    
  185   75   0.000       0.000    
  185   76   0.000       0.000    
  185   77   0.000       0.000    
  185   78   0.000       0.000    
  185   79   0.000       0.000    
  185   80   0.000       0.000    
  185   81   0.000       0.000    
  185   82   0.000       0.000    
  185   83   0.000       0.000    
  184   73   0.000       0.000    
  184   74   0.000       0.000    
  184   75   0.000       0.000    
  184   76   0.000       0.000    
  184   77   0.000       0.000    
  184   78   0.000       0.000    
  184   79   0.000       0.000    
  184   80   0.000       0.000    
  184   81   0.000       0.000    
  184   82   0.000       0.000    
  184   83   0.000       0.000    
  183   73  2.3824E+05   99.00    
  183   74   0.000       0.000    
  183   75   0.000       0.000    
  183   76   0.000       0.000    
  183   77   0.000       0.000    
  183   78   0.000       0.000    
  183   79   0.000       0.000    
  183   80   0.000       0.000    
  183   81   0.000       0.000    
  183   82   0.000       0.000    
  183   83   0.000       0.000    
  182   73  8.9072E+04   80.62    
  182   74   0.000       0.000    
  182   75   0.000       0.000    
  182   76   0.000       0.000    
  182   77   0.000       0.000    
  182   78   0.000       0.000    
  182   79   0.000       0.000    
  182   80   0.000       0.000    
  182   81   0.000       0.000    
  182   82   0.000       0.000    
  182   83   0.000       0.000    
  181   73   0.000       0.000    
  181   74   0.000       0.000    
  181   75   0.000       0.000    
  181   76   0.000       0.000    
  181   77   0.000       0.000    
  181   78   0.000       0.000    
  181   79   0.000       0.000    
  181   80   0.000       0.000    
  181   81   0.000       0.000    
  181   82   0.000       0.000    
  181   83   0.000       0.000    
  180   73  3.6853E-05   99.00    
  180   74   0.000       0.000    
  180   75   0.000       0.000    
  180   76   0.000       0.000    
  180   77   0.000       0.000    
  180   78   0.000       0.000    
  180   79   0.000       0.000    
  180   80   0.000       0.000    
  180   81   0.000       0.000    
  180   82   0.000       0.000    
  180   83   0.000       0.000    
  182   62   0.000       0.000    
  182   63   0.000       0.000    
  182   64   0.000       0.000    
  182   65   0.000       0.000    
  182   66   0.000       0.000    
  182   67   0.000       0.000    
  182   68   0.000       0.000    
  182   69   0.000       0.000    
  182   70   0.000       0.000    
  182   71   0.000       0.000    
  182   72  1.8697E-03   99.00    
  181   62   0.000       0.000    
  181   63   0.000       0.000    
  181   64   0.000       0.000    
  181   65   0.000       0.000    
  181   66   0.000       0.000    
  181   67   0.000       0.000    
  181   68   0.000       0.000    
  181   69   0.000       0.000    
  181   70   0.000       0.000    
  181   71   0.000       0.000    
  181   72   0.000       0.000    
  180   62   0.000       0.000    
  180   63   0.000       0.000    
  180   64   0.000       0.000    
  180   65   0.000       0.000    
  180   66   0.000       0.000    
  180   67   0.000       0.000    
  180   68   0.000       0.000    
  180   69   0.000       0.000    
  180   70   0.000       0.000    
  180   71   0.000       0.000    
  180   72   0.000       0.000    
  179   62   0.000       0.000    
  179   63   0.000       0.000    
  179   64   0.000       0.000    
  179   65   0.000       0.000    
  179   66   0.000       0.000    
  179   67   0.000       0.000    
  179   68   0.000       0.000    
  179   69   0.000       0.000    
  179   70   0.000       0.000    
  179   71   0.000       0.000    
  179   72   0.000       0.000    
  178   62   0.000       0.000    
  178   63   0.000       0.000    
  178   64   0.000       0.000    
  178   65   0.000       0.000    
  178   66   0.000       0.000    
  178   67   0.000       0.000    
  178   68   0.000       0.000    
  178   69   0.000       0.000    
  178   70   0.000       0.000    
  178   71   0.000       0.000    
  178   72   0.000       0.000    
  177   62   0.000       0.000    
  177   63   0.000       0.000    
  177   64   0.000       0.000    
  177   65   0.000       0.000    
  177   66   0.000       0.000    
  177   67   0.000       0.000    
  177   68   0.000       0.000    
  177   69   0.000       0.000    
  177   70  1.9519E-32   99.00    
  177   71  4.3765E+05   74.24    
  177   72   0.000       0.000    
  176   62   0.000       0.000    
  176   63   0.000       0.000    
  176   64   0.000       0.000    
  176   65   0.000       0.000    
  176   66   0.000       0.000    
  176   67   0.000       0.000    
  176   68   0.000       0.000    
  176   69   0.000       0.000    
  176   70   0.000       0.000    
  176   71  6.8966E-07   67.57    
  176   72   0.000       0.000    
  175   62   0.000       0.000    
  175   63   0.000       0.000    
  175   64   0.000       0.000    
  175   65   0.000       0.000    
  175   66   0.000       0.000    
  175   67   0.000       0.000    
  175   68   0.000       0.000    
  175   69   0.000       0.000    
  175   70  3.8594E+05   70.57    
  175   71   0.000       0.000    
  175   72   0.000       0.000    
  174   62   0.000       0.000    
  174   63   0.000       0.000    
  174   64   0.000       0.000    
  174   65   0.000       0.000    
  174   66   0.000       0.000    
  174   67   0.000       0.000    
  174   68   0.000       0.000    
  174   69   0.000       0.000    
  174   70   0.000       0.000    
  174   71   0.000       0.000    
  174   72   0.000       0.000    
  173   62   0.000       0.000    
  173   63   0.000       0.000    
  173   64   0.000       0.000    
  173   65   0.000       0.000    
  173   66   0.000       0.000    
  173   67   0.000       0.000    
  173   68   0.000       0.000    
  173   69  2.3465E-02   32.23    
  173   70   0.000       0.000    
  173   71   0.000       0.000    
  173   72   0.000       0.000    
  172   62   0.000       0.000    
  172   63   0.000       0.000    
  172   64   0.000       0.000    
  172   65   0.000       0.000    
  172   66   0.000       0.000    
  172   67   0.000       0.000    
  172   68  4.1271E+05   31.05    
  172   69  3.0158E+06   25.35    
  172   70   0.000       0.000    
  172   71   0.000       0.000    
  172   72   0.000       0.000    
  171   62   0.000       0.000    
  171   63   0.000       0.000    
  171   64   0.000       0.000    
  171   65   0.000       0.000    
  171   66   0.000       0.000    
  171   67   0.000       0.000    
  171   68  5.4874E-03   25.33    
  171   69  3.2847E+05   19.67    
  171   70   0.000       0.000    
  171   71   0.000       0.000    
  171   72   0.000       0.000    
  170   62   0.000       0.000    
  170   63   0.000       0.000    
  170   64   0.000       0.000    
  170   65   0.000       0.000    
  170   66   0.000       0.000    
  170   67   0.000       0.000    
  170   68   0.000       0.000    
  170   69  1.8615E+05   57.50    
  170   70   0.000       0.000    
  170   71   0.000       0.000    
  170   72   0.000       0.000    
  169   62   0.000       0.000    
  169   63   0.000       0.000    
  169   64   0.000       0.000    
  169   65   0.000       0.000    
  169   66   0.000       0.000    
  169   67   0.000       0.000    
  169   68  2.3051E+07   11.97    
  169   69   0.000       0.000    
  169   70   0.000       0.000    
  169   71   0.000       0.000    
  169   72   0.000       0.000    
  168   62   0.000       0.000    
  168   63   0.000       0.000    
  168   64   0.000       0.000    
  168   65   0.000       0.000    
  168   66   0.000       0.000    
  168   67   0.000       0.000    
  168   68   0.000       0.000    
  168   69   0.000       0.000    
  168   70   0.000       0.000    
  168   71   0.000       0.000    
  168   72   0.000       0.000    
  167   62   0.000       0.000    
  167   63   0.000       0.000    
  167   64   0.000       0.000    
  167   65   0.000       0.000    
  167   66   0.000       0.000    
  167   67  1.0411E-15   7.679    
  167   68   0.000       0.000    
  167   69   0.000       0.000    
  167   70   0.000       0.000    
  167   71   0.000       0.000    
  167   72   0.000       0.000    
  166   62   0.000       0.000    
  166   63   0.000       0.000    
  166   64   0.000       0.000    
  166   65   0.000       0.000    
  166   66  5.3854E+07   4.965    
  166   67  7.9831E+07   4.960    
  166   68   0.000       0.000    
  166   69   0.000       0.000    
  166   70   0.000       0.000    
  166   71   0.000       0.000    
  166   72   0.000       0.000    
  165   62   0.000       0.000    
  165   63   0.000       0.000    
  165   64   0.000       0.000    
  165   65   0.000       0.000    
  165   66  1.2128E-22   3.449    
  165   67   0.000       0.000    
  165   68  0.3978       57.50    
  165   69   0.000       0.000    
  165   70   0.000       0.000    
  165   71   0.000       0.000    
  165   72   0.000       0.000    
  164   62   0.000       0.000    
  164   63   0.000       0.000    
  164   64   0.000       0.000    
  164   65   0.000       0.000    
  164   66   0.000       0.000    
  164   67   0.000       0.000    
  164   68   0.000       0.000    
  164   69   0.000       0.000    
  164   70   0.000       0.000    
  164   71   0.000       0.000    
  164   72   0.000       0.000    
  163   62   0.000       0.000    
  163   63   0.000       0.000    
  163   64   0.000       0.000    
  163   65   0.000       0.000    
  163   66   0.000       0.000    
  163   67   46.67       32.79    
  163   68   0.000       0.000    
  163   69   0.000       0.000    
  163   70   0.000       0.000    
  163   71   0.000       0.000    
  163   72   0.000       0.000    
  162   62   0.000       0.000    
  162   63   0.000       0.000    
  162   64   0.000       0.000    
  162   65   0.000       0.000    
  162   66   0.000       0.000    
  162   67   0.000       0.000    
  162   68   0.000       0.000    
  162   69   0.000       0.000    
  162   70   0.000       0.000    
  162   71   0.000       0.000    
  162   72   0.000       0.000    
  161   62   0.000       0.000    
  161   63   0.000       0.000    
  161   64   0.000       0.000    
  161   65  2.0443E+09   1.118    
  161   66   0.000       0.000    
  161   67  2.7642E-23   57.50    
  161   68   0.000       0.000    
  161   69   0.000       0.000    
  161   70   0.000       0.000    
  161   71   0.000       0.000    
  161   72   0.000       0.000    
  160   62   0.000       0.000    
  160   63   0.000       0.000    
  160   64   0.000       0.000    
  160   65  5.0068E+07   4.620    
  160   66   0.000       0.000    
  160   67   0.000       0.000    
  160   68   0.000       0.000    
  160   69   0.000       0.000    
  160   70   0.000       0.000    
  160   71   0.000       0.000    
  160   72   0.000       0.000    
  159   62   0.000       0.000    
  159   63   0.000       0.000    
  159   64  3.0104E+06  0.7362    
  159   65   0.000       0.000    
  159   66  8.9200E+05   25.80    
  159   67   0.000       0.000    
  159   68   0.000       0.000    
  159   69   0.000       0.000    
  159   70   0.000       0.000    
  159   71   0.000       0.000    
  159   72   0.000       0.000    
  158   62   0.000       0.000    
  158   63   0.000       0.000    
  158   64   0.000       0.000    
  158   65  2.3099E+04   7.598    
  158   66   0.000       0.000    
  158   67   0.000       0.000    
  158   68   0.000       0.000    
  158   69   0.000       0.000    
  158   70   0.000       0.000    
  158   71   0.000       0.000    
  158   72   0.000       0.000    
  157   62   0.000       0.000    
  157   63  9.9529E+05  0.4329    
  157   64   0.000       0.000    
  157   65  2.2018E+04   11.01    
  157   66   0.000       0.000    
  157   67   0.000       0.000    
  157   68   0.000       0.000    
  157   69   0.000       0.000    
  157   70   0.000       0.000    
  157   71   0.000       0.000    
  157   72   0.000       0.000    
  156   62   1712.      0.3900    
  156   63  2.2073E+10  0.3700    
  156   64   0.000       0.000    
  156   65  6.1515E+06   18.21    
  156   66   0.000       0.000    
  156   67   0.000       0.000    
  156   68   0.000       0.000    
  156   69   0.000       0.000    
  156   70   0.000       0.000    
  156   71   0.000       0.000    
  156   72   0.000       0.000    
  155   62   0.000       0.000    
  155   63  5.1393E+08  0.2844    
  155   64   0.000       0.000    
  155   65  2.7167E+06   29.54    
  155   66   0.000       0.000    
  155   67   0.000       0.000    
  155   68   0.000       0.000    
  155   69   0.000       0.000    
  155   70   0.000       0.000    
  155   71   0.000       0.000    
  155   72   0.000       0.000    
  154   62   0.000       0.000    
  154   63  9.4289E+06   1.682    
  154   64   0.000       0.000    
  154   65   286.0       99.00    
  154   66  5.8819E-06   99.00    
  154   67   0.000       0.000    
  154   68   0.000       0.000    
  154   69   0.000       0.000    
  154   70   0.000       0.000    
  154   71   0.000       0.000    
  154   72   0.000       0.000    
  153   62  6.7690E+09  0.2290    
  153   63   0.000       0.000    
  153   64  1.7489E+06   13.98    
  153   65  6.1193E+04   99.00    
  153   66   0.000       0.000    
  153   67   0.000       0.000    
  153   68   0.000       0.000    
  153   69   0.000       0.000    
  153   70   0.000       0.000    
  153   71   0.000       0.000    
  153   72   0.000       0.000    
  152   62   0.000       0.000    
  152   63  8.3829E+05   3.751    
  152   64   0.000       0.000    
  152   65   0.000       0.000    
  152   66   0.000       0.000    
  152   67   0.000       0.000    
  152   68   0.000       0.000    
  152   69   0.000       0.000    
  152   70   0.000       0.000    
  152   71   0.000       0.000    
  152   72   0.000       0.000    
  151   62  9.6890E+07  0.1561    
  151   63   0.000       0.000    
  151   64  1.2832E+05   70.57    
  151   65   0.000       0.000    
  151   66   0.000       0.000    
  151   67   0.000       0.000    
  151   68   0.000       0.000    
  151   69   0.000       0.000    
  151   70   0.000       0.000    
  151   71   0.000       0.000    
  151   72   0.000       0.000    
  150   62   0.000       0.000    
  150   63  2.9105E+04   10.25    
  150   64  0.5319       10.20    
  150   65   0.000       0.000    
  150   66   0.000       0.000    
  150   67   0.000       0.000    
  150   68   0.000       0.000    
  150   69   0.000       0.000    
  150   70   0.000       0.000    
  150   71   0.000       0.000    
  150   72   0.000       0.000    
  149   62   0.000       0.000    
  149   63  2.7429E+06   18.88    
  149   64   0.000       0.000    
  149   65   0.000       0.000    
  149   66   0.000       0.000    
  149   67   0.000       0.000    
  149   68   0.000       0.000    
  149   69   0.000       0.000    
  149   70   0.000       0.000    
  149   71   0.000       0.000    
  149   72   0.000       0.000    
  148   62   0.000       0.000    
  148   63  3.9374E+05   57.50    
  148   64   0.000       0.000    
  148   65   0.000       0.000    
  148   66   0.000       0.000    
  148   67   0.000       0.000    
  148   68   0.000       0.000    
  148   69   0.000       0.000    
  148   70   0.000       0.000    
  148   71   0.000       0.000    
  148   72   0.000       0.000    
  147   62  3.9582E-05   7.959    
  147   63   0.000       0.000    
  147   64   0.000       0.000    
  147   65   0.000       0.000    
  147   66   0.000       0.000    
  147   67   0.000       0.000    
  147   68   0.000       0.000    
  147   69   0.000       0.000    
  147   70   0.000       0.000    
  147   71   0.000       0.000    
  147   72   0.000       0.000    
  146   62  1.2154E-02   13.88    
  146   63   0.000       0.000    
  146   64   0.000       0.000    
  146   65   0.000       0.000    
  146   66   0.000       0.000    
  146   67   0.000       0.000    
  146   68   0.000       0.000    
  146   69   0.000       0.000    
  146   70   0.000       0.000    
  146   71   0.000       0.000    
  146   72   0.000       0.000    
  145   62  1.2338E+05   44.36    
  145   63   0.000       0.000    
  145   64   0.000       0.000    
  145   65   0.000       0.000    
  145   66   0.000       0.000    
  145   67   0.000       0.000    
  145   68   0.000       0.000    
  145   69   0.000       0.000    
  145   70   0.000       0.000    
  145   71   0.000       0.000    
  145   72   0.000       0.000    
  151   51   0.000       0.000    
  151   52   0.000       0.000    
  151   53   0.000       0.000    
  151   54   0.000       0.000    
  151   55   0.000       0.000    
  151   56   0.000       0.000    
  151   57   0.000       0.000    
  151   58   0.000       0.000    
  151   59   0.000       0.000    
  151   60   0.000       0.000    
  151   61  1.2958E+09  0.1561    
  150   51   0.000       0.000    
  150   52   0.000       0.000    
  150   53   0.000       0.000    
  150   54   0.000       0.000    
  150   55   0.000       0.000    
  150   56   0.000       0.000    
  150   57   0.000       0.000    
  150   58   0.000       0.000    
  150   59   0.000       0.000    
  150   60   0.000       0.000    
  150   61  4.5311E-17  0.5116    
  149   51   0.000       0.000    
  149   52   0.000       0.000    
  149   53   0.000       0.000    
  149   54   0.000       0.000    
  149   55   0.000       0.000    
  149   56   0.000       0.000    
  149   57   0.000       0.000    
  149   58   0.000       0.000    
  149   59   0.000       0.000    
  149   60  6.8875E-31  0.1415    
  149   61  3.0795E+10  0.1374    
  148   51   0.000       0.000    
  148   52   0.000       0.000    
  148   53   0.000       0.000    
  148   54   0.000       0.000    
  148   55   0.000       0.000    
  148   56   0.000       0.000    
  148   57   0.000       0.000    
  148   58   0.000       0.000    
  148   59   0.000       0.000    
  148   60   0.000       0.000    
  148   61  1.5222E+09  0.9153    
  147   51   0.000       0.000    
  147   52   0.000       0.000    
  147   53   0.000       0.000    
  147   54   0.000       0.000    
  147   55   0.000       0.000    
  147   56   0.000       0.000    
  147   57   0.000       0.000    
  147   58   0.000       0.000    
  147   59   0.000       0.000    
  147   60  2.6838E+11  0.1090    
  147   61  4.7510E+09  0.1087    
  146   51   0.000       0.000    
  146   52   0.000       0.000    
  146   53   0.000       0.000    
  146   54   0.000       0.000    
  146   55   0.000       0.000    
  146   56   0.000       0.000    
  146   57   0.000       0.000    
  146   58   0.000       0.000    
  146   59   0.000       0.000    
  146   60   0.000       0.000    
  146   61  9.3289E+06   2.194    
  145   51   0.000       0.000    
  145   52   0.000       0.000    
  145   53   0.000       0.000    
  145   54   0.000       0.000    
  145   55   0.000       0.000    
  145   56   0.000       0.000    
  145   57   0.000       0.000    
  145   58   0.000       0.000    
  145   59   1.261      9.3694E-02
  145   60   0.000       0.000    
  145   61  1.2247E+06   3.325    
  144   51   0.000       0.000    
  144   52   0.000       0.000    
  144   53   0.000       0.000    
  144   54   0.000       0.000    
  144   55   0.000       0.000    
  144   56   0.000       0.000    
  144   57   0.000       0.000    
  144   58  3.8487E+10  8.2979E-02
  144   59  3.8488E+10  8.2979E-02
  144   60   0.000       0.000    
  144   61  4.7474E+06   6.997    
  143   51   0.000       0.000    
  143   52   0.000       0.000    
  143   53   0.000       0.000    
  143   54   0.000       0.000    
  143   55   0.000       0.000    
  143   56   0.000       0.000    
  143   57   0.000       0.000    
  143   58  1.2084E+10  8.3113E-02
  143   59  5.1521E+11  8.1305E-02
  143   60   0.000       0.000    
  143   61  1.6636E+06   14.62    
  142   51   0.000       0.000    
  142   52   0.000       0.000    
  142   53   0.000       0.000    
  142   54   0.000       0.000    
  142   55   0.000       0.000    
  142   56   0.000       0.000    
  142   57  5.2306E-36  8.3758E-02
  142   58   0.000       0.000    
  142   59  5.4097E+06  0.6288    
  142   60   0.000       0.000    
  142   61   0.000       0.000    
  141   51   0.000       0.000    
  141   52   0.000       0.000    
  141   53   0.000       0.000    
  141   54   0.000       0.000    
  141   55   0.000       0.000    
  141   56   0.000       0.000    
  141   57  8.3739E-07  7.4495E-02
  141   58  3.5851E+11  7.1437E-02
  141   59   0.000       0.000    
  141   60  2.2278E-21   7.320    
  141   61   0.000       0.000    
  140   51   0.000       0.000    
  140   52   0.000       0.000    
  140   53   0.000       0.000    
  140   54   0.000       0.000    
  140   55   0.000       0.000    
  140   56  4.8161E+11  8.0439E-02
  140   57  5.5715E+11  7.9403E-02
  140   58   0.000       0.000    
  140   59  4.8743E+06   18.13    
  140   60  4.8708E+06   18.13    
  140   61   0.000       0.000    
  139   51   0.000       0.000    
  139   52   0.000       0.000    
  139   53   0.000       0.000    
  139   54   0.000       0.000    
  139   55   0.000       0.000    
  139   56  1.4967E-40  7.5345E-02
  139   57   0.000       0.000    
  139   58  1.8344E+09  0.5408    
  139   59  2.7561E-07   84.50    
  139   60  5.9192E-09   99.00    
  139   61   0.000       0.000    
  138   51   0.000       0.000    
  138   52   0.000       0.000    
  138   53   0.000       0.000    
  138   54   0.000       0.000    
  138   55   0.000       0.000    
  138   56   0.000       0.000    
  138   57  3.4107E-02  0.2644    
  138   58   0.000       0.000    
  138   59  5.8015E-09   99.00    
  138   60  5.7737E-09   99.00    
  138   61   0.000       0.000    
  137   51   0.000       0.000    
  137   52   0.000       0.000    
  137   53   0.000       0.000    
  137   54   0.000       0.000    
  137   55  1.5240E+09  6.8878E-02
  137   56   0.000       0.000    
  137   57  3.0692E+04  0.3550    
  137   58  1.4431E+07   2.263    
  137   59   0.000       0.000    
  137   60   0.000       0.000    
  137   61   0.000       0.000    
  136   51   0.000       0.000    
  136   52   0.000       0.000    
  136   53   0.000       0.000    
  136   54   0.000       0.000    
  136   55  1.9734E+11  0.1045    
  136   56   0.000       0.000    
  136   57   0.000       0.000    
  136   58   0.000       0.000    
  136   59   0.000       0.000    
  136   60   0.000       0.000    
  136   61   0.000       0.000    
  135   51   0.000       0.000    
  135   52   0.000       0.000    
  135   53   9.201      0.1059    
  135   54  5.6518E+04  8.0400E-02
  135   55  2.5623E+04  5.9465E-02
  135   56   0.000       0.000    
  135   57  2.1061E+06   1.230    
  135   58   6927.       12.96    
  135   59   0.000       0.000    
  135   60   0.000       0.000    
  135   61   0.000       0.000    
  134   51   0.000       0.000    
  134   52   0.000       0.000    
  134   53   0.000       0.000    
  134   54   0.000       0.000    
  134   55  4.1764E+09  0.1813    
  134   56   0.000       0.000    
  134   57  8.6817E+05   37.34    
  134   58  8.6694E+05   37.34    
  134   59   0.000       0.000    
  134   60   0.000       0.000    
  134   61   0.000       0.000    
  133   51   0.000       0.000    
  133   52   0.000       0.000    
  133   53  6.2416E+08  7.9967E-02
  133   54  6.6434E+11  6.0242E-02
  133   55   0.000       0.000    
  133   56  3.8706E+07  0.7441    
  133   57  1.1468E-10   5.754    
  133   58   0.000       0.000    
  133   59   0.000       0.000    
  133   60   0.000       0.000    
  133   61   0.000       0.000    
  132   51   0.000       0.000    
  132   52  9.7720E+10  0.1115    
  132   53  1.0073E+11  0.1115    
  132   54   0.000       0.000    
  132   55  2.7746E+10  0.3529    
  132   56   0.000       0.000    
  132   57  2.9413E-08   19.43    
  132   58   0.000       0.000    
  132   59   0.000       0.000    
  132   60   0.000       0.000    
  132   61   0.000       0.000    
  131   51   0.000       0.000    
  131   52  3.8033E+08  0.1156    
  131   53  6.1666E+11  7.4987E-02
  131   54   0.000       0.000    
  131   55  1.5558E+10  0.4649    
  131   56  2.6325E+08   3.490    
  131   57   0.000       0.000    
  131   58   0.000       0.000    
  131   59   0.000       0.000    
  131   60   0.000       0.000    
  131   61   0.000       0.000    
  130   51   0.000       0.000    
  130   52   0.000       0.000    
  130   53  1.0877E+06  0.1218    
  130   54   0.000       0.000    
  130   55   0.000       0.000    
  130   56   0.000       0.000    
  130   57   0.000       0.000    
  130   58   0.000       0.000    
  130   59   0.000       0.000    
  130   60   0.000       0.000    
  130   61   0.000       0.000    
  129   51  2.1155E-05  0.1148    
  129   52  6.0208E+10  9.8733E-02
  129   53   2835.      6.1645E-02
  129   54   0.000       0.000    
  129   55  2.7048E+07   1.653    
  129   56  3.7448E-26   25.08    
  129   57   0.000       0.000    
  129   58   0.000       0.000    
  129   59   0.000       0.000    
  129   60   0.000       0.000    
  129   61   0.000       0.000    
  128   51   4406.      0.1146    
  128   52   0.000       0.000    
  128   53   0.000       0.000    
  128   54   0.000       0.000    
  128   55  6.7928E+04   99.00    
  128   56  6.7857E+04   99.00    
  128   57   0.000       0.000    
  128   58   0.000       0.000    
  128   59   0.000       0.000    
  128   60   0.000       0.000    
  128   61   0.000       0.000    
  127   51  2.7474E+11  7.9310E-02
  127   52  2.9543E+11  7.4145E-02
  127   53   0.000       0.000    
  127   54  1.6685E+09   1.079    
  127   55  3.4064E-04   10.21    
  127   56   0.000       0.000    
  127   57   0.000       0.000    
  127   58   0.000       0.000    
  127   59   0.000       0.000    
  127   60   0.000       0.000    
  127   61   0.000       0.000    
  126   51  1.2640E+11  0.1010    
  126   52   0.000       0.000    
  126   53  2.3455E+10  0.3505    
  126   54   0.000       0.000    
  126   55   0.000       0.000    
  126   56   0.000       0.000    
  126   57   0.000       0.000    
  126   58   0.000       0.000    
  126   59   0.000       0.000    
  126   60   0.000       0.000    
  126   61   0.000       0.000    
  125   51  1.9588E+10  6.7735E-02
  125   52   0.000       0.000    
  125   53  4.2523E+09  0.5104    
  125   54  2.1079E+04   5.095    
  125   55   0.000       0.000    
  125   56   0.000       0.000    
  125   57   0.000       0.000    
  125   58   0.000       0.000    
  125   59   0.000       0.000    
  125   60   0.000       0.000    
  125   61   0.000       0.000    
  124   51  8.1675E+10  0.1089    
  124   52   0.000       0.000    
  124   53  1.3572E+09   1.113    
  124   54   0.000       0.000    
  124   55   0.000       0.000    
  124   56   0.000       0.000    
  124   57   0.000       0.000    
  124   58   0.000       0.000    
  124   59   0.000       0.000    
  124   60   0.000       0.000    
  124   61   0.000       0.000    
  123   51   0.000       0.000    
  123   52   0.000       0.000    
  123   53   8125.       2.214    
  123   54  4.6027E-29   70.57    
  123   55   0.000       0.000    
  123   56   0.000       0.000    
  123   57   0.000       0.000    
  123   58   0.000       0.000    
  123   59   0.000       0.000    
  123   60   0.000       0.000    
  123   61   0.000       0.000    
  122   51  2.9350E+10  0.1682    
  122   52   0.000       0.000    
  122   53   0.000       0.000    
  122   54   0.000       0.000    
  122   55   0.000       0.000    
  122   56   0.000       0.000    
  122   57   0.000       0.000    
  122   58   0.000       0.000    
  122   59   0.000       0.000    
  122   60   0.000       0.000    
  122   61   0.000       0.000    
  121   51   0.000       0.000    
  121   52  7.5302E+08   1.353    
  121   53  1.7693E-27   23.46    
  121   54   0.000       0.000    
  121   55   0.000       0.000    
  121   56   0.000       0.000    
  121   57   0.000       0.000    
  121   58   0.000       0.000    
  121   59   0.000       0.000    
  121   60   0.000       0.000    
  121   61   0.000       0.000    
  120   51   0.000       0.000    
  120   52   0.000       0.000    
  120   53   0.000       0.000    
  120   54   0.000       0.000    
  120   55   0.000       0.000    
  120   56   0.000       0.000    
  120   57   0.000       0.000    
  120   58   0.000       0.000    
  120   59   0.000       0.000    
  120   60   0.000       0.000    
  120   61   0.000       0.000    
  119   51  3.4583E+08  0.8673    
  119   52   2939.       10.41    
  119   53   0.000       0.000    
  119   54   0.000       0.000    
  119   55   0.000       0.000    
  119   56   0.000       0.000    
  119   57   0.000       0.000    
  119   58   0.000       0.000    
  119   59   0.000       0.000    
  119   60   0.000       0.000    
  119   61   0.000       0.000    
  118   51  2.4245E+06   32.79    
  118   52  2.4235E+06   32.79    
  118   53   0.000       0.000    
  118   54   0.000       0.000    
  118   55   0.000       0.000    
  118   56   0.000       0.000    
  118   57   0.000       0.000    
  118   58   0.000       0.000    
  118   59   0.000       0.000    
  118   60   0.000       0.000    
  118   61   0.000       0.000    
  117   51  1.3862E-17   3.863    
  117   52   0.000       0.000    
  117   53   0.000       0.000    
  117   54   0.000       0.000    
  117   55   0.000       0.000    
  117   56   0.000       0.000    
  117   57   0.000       0.000    
  117   58   0.000       0.000    
  117   59   0.000       0.000    
  117   60   0.000       0.000    
  117   61   0.000       0.000    
  127   40   0.000       0.000    
  127   41   0.000       0.000    
  127   42   0.000       0.000    
  127   43   0.000       0.000    
  127   44   0.000       0.000    
  127   45   0.000       0.000    
  127   46   0.000       0.000    
  127   47   0.000       0.000    
  127   48   0.000       0.000    
  127   49   0.000       0.000    
  127   50  1.0726E-23  0.1477    
  126   40   0.000       0.000    
  126   41   0.000       0.000    
  126   42   0.000       0.000    
  126   43   0.000       0.000    
  126   44   0.000       0.000    
  126   45   0.000       0.000    
  126   46   0.000       0.000    
  126   47   0.000       0.000    
  126   48   0.000       0.000    
  126   49   0.000       0.000    
  126   50  2.2353E+05  0.1022    
  125   40   0.000       0.000    
  125   41   0.000       0.000    
  125   42   0.000       0.000    
  125   43   0.000       0.000    
  125   44   0.000       0.000    
  125   45   0.000       0.000    
  125   46   0.000       0.000    
  125   47   0.000       0.000    
  125   48   0.000       0.000    
  125   49   0.000       0.000    
  125   50  1.8887E+11  9.1368E-02
  124   40   0.000       0.000    
  124   41   0.000       0.000    
  124   42   0.000       0.000    
  124   43   0.000       0.000    
  124   44   0.000       0.000    
  124   45   0.000       0.000    
  124   46   0.000       0.000    
  124   47   0.000       0.000    
  124   48   0.000       0.000    
  124   49   0.000       0.000    
  124   50   0.000       0.000    
  123   40   0.000       0.000    
  123   41   0.000       0.000    
  123   42   0.000       0.000    
  123   43   0.000       0.000    
  123   44   0.000       0.000    
  123   45   0.000       0.000    
  123   46   0.000       0.000    
  123   47   0.000       0.000    
  123   48   0.000       0.000    
  123   49   0.000       0.000    
  123   50  3.8223E+10  9.1043E-02
  122   40   0.000       0.000    
  122   41   0.000       0.000    
  122   42   0.000       0.000    
  122   43   0.000       0.000    
  122   44   0.000       0.000    
  122   45   0.000       0.000    
  122   46   0.000       0.000    
  122   47   0.000       0.000    
  122   48   0.000       0.000    
  122   49   0.000       0.000    
  122   50   0.000       0.000    
  121   40   0.000       0.000    
  121   41   0.000       0.000    
  121   42   0.000       0.000    
  121   43   0.000       0.000    
  121   44   0.000       0.000    
  121   45   0.000       0.000    
  121   46   0.000       0.000    
  121   47   0.000       0.000    
  121   48   0.000       0.000    
  121   49   0.000       0.000    
  121   50  8.4317E+09  5.1503E-02
  120   40   0.000       0.000    
  120   41   0.000       0.000    
  120   42   0.000       0.000    
  120   43   0.000       0.000    
  120   44   0.000       0.000    
  120   45   0.000       0.000    
  120   46   0.000       0.000    
  120   47   0.000       0.000    
  120   48   0.000       0.000    
  120   49   0.000       0.000    
  120   50   0.000       0.000    
  119   40   0.000       0.000    
  119   41   0.000       0.000    
  119   42   0.000       0.000    
  119   43   0.000       0.000    
  119   44   0.000       0.000    
  119   45   0.000       0.000    
  119   46   0.000       0.000    
  119   47   0.000       0.000    
  119   48   0.000       0.000    
  119   49   0.000       0.000    
  119   50   0.000       0.000    
  118   40   0.000       0.000    
  118   41   0.000       0.000    
  118   42   0.000       0.000    
  118   43   0.000       0.000    
  118   44   0.000       0.000    
  118   45   0.000       0.000    
  118   46   0.000       0.000    
  118   47   0.000       0.000    
  118   48   0.000       0.000    
  118   49   0.000       0.000    
  118   50   0.000       0.000    
  117   40   0.000       0.000    
  117   41   0.000       0.000    
  117   42   0.000       0.000    
  117   43   0.000       0.000    
  117   44   0.000       0.000    
  117   45   0.000       0.000    
  117   46   0.000       0.000    
  117   47   0.000       0.000    
  117   48  2.8012E-17  4.9570E-02
  117   49  1.0062E-09  4.9487E-02
  117   50   0.000       0.000    
  116   40   0.000       0.000    
  116   41   0.000       0.000    
  116   42   0.000       0.000    
  116   43   0.000       0.000    
  116   44   0.000       0.000    
  116   45   0.000       0.000    
  116   46   0.000       0.000    
  116   47   0.000       0.000    
  116   48   0.000       0.000    
  116   49   0.000       0.000    
  116   50   0.000       0.000    
  115   40   0.000       0.000    
  115   41   0.000       0.000    
  115   42   0.000       0.000    
  115   43   0.000       0.000    
  115   44   0.000       0.000    
  115   45   0.000       0.000    
  115   46   0.000       0.000    
  115   47   0.000       0.000    
  115   48  2.5472E+11  4.3986E-02
  115   49   0.000       0.000    
  115   50   0.000       0.000    
  114   40   0.000       0.000    
  114   41   0.000       0.000    
  114   42   0.000       0.000    
  114   43   0.000       0.000    
  114   44   0.000       0.000    
  114   45   0.000       0.000    
  114   46   0.000       0.000    
  114   47   0.000       0.000    
  114   48   0.000       0.000    
  114   49  1.2539E+09  0.6253    
  114   50   0.000       0.000    
  113   40   0.000       0.000    
  113   41   0.000       0.000    
  113   42   0.000       0.000    
  113   43   0.000       0.000    
  113   44   0.000       0.000    
  113   45   0.000       0.000    
  113   46   0.000       0.000    
  113   47  0.2230      4.2964E-02
  113   48   0.000       0.000    
  113   49   0.000       0.000    
  113   50  1.0501E+06   24.24    
  112   40   0.000       0.000    
  112   41   0.000       0.000    
  112   42   0.000       0.000    
  112   43   0.000       0.000    
  112   44   0.000       0.000    
  112   45   0.000       0.000    
  112   46  2.4121E+09  4.5308E-02
  112   47  2.8339E+09  4.5308E-02
  112   48   0.000       0.000    
  112   49   0.000       0.000    
  112   50   0.000       0.000    
  111   40   0.000       0.000    
  111   41   0.000       0.000    
  111   42   0.000       0.000    
  111   43   0.000       0.000    
  111   44   0.000       0.000    
  111   45   0.000       0.000    
  111   46  5.5547E-02  8.0779E-02
  111   47  1.7023E+12  4.1239E-02
  111   48   0.000       0.000    
  111   49  1.1594E+07   9.680    
  111   50   0.000       0.000    
  110   40   0.000       0.000    
  110   41   0.000       0.000    
  110   42   0.000       0.000    
  110   43   0.000       0.000    
  110   44   0.000       0.000    
  110   45   0.000       0.000    
  110   46   0.000       0.000    
  110   47  2.7605E+07  0.2918    
  110   48   0.000       0.000    
  110   49  1.0118E-08   32.79    
  110   50   0.000       0.000    
  109   40   0.000       0.000    
  109   41   0.000       0.000    
  109   42   0.000       0.000    
  109   43   0.000       0.000    
  109   44   0.000       0.000    
  109   45   0.000       0.000    
  109   46  3.7908E+07  4.3770E-02
  109   47   0.000       0.000    
  109   48  6.6372E+06   5.266    
  109   49   0.000       0.000    
  109   50   0.000       0.000    
  108   40   0.000       0.000    
  108   41   0.000       0.000    
  108   42   0.000       0.000    
  108   43   0.000       0.000    
  108   44   0.000       0.000    
  108   45   0.000       0.000    
  108   46   0.000       0.000    
  108   47  1.8339E+04   1.104    
  108   48   0.000       0.000    
  108   49   0.000       0.000    
  108   50   0.000       0.000    
  107   40   0.000       0.000    
  107   41   0.000       0.000    
  107   42   0.000       0.000    
  107   43   0.000       0.000    
  107   44   0.000       0.000    
  107   45   0.000       0.000    
  107   46  1.9808E+04  4.0646E-02
  107   47   0.000       0.000    
  107   48  3.8311E-05   49.70    
  107   49   0.000       0.000    
  107   50   0.000       0.000    
  106   40   0.000       0.000    
  106   41   0.000       0.000    
  106   42   0.000       0.000    
  106   43   0.000       0.000    
  106   44  1.1164E+11  4.5902E-02
  106   45  1.1164E+11  4.5902E-02
  106   46   0.000       0.000    
  106   47   0.000       0.000    
  106   48   0.000       0.000    
  106   49   0.000       0.000    
  106   50   0.000       0.000    
  105   40   0.000       0.000    
  105   41   0.000       0.000    
  105   42   0.000       0.000    
  105   43   0.000       0.000    
  105   44  3.2653E-04  4.4495E-02
  105   45  6.3236E+10  4.4301E-02
  105   46   0.000       0.000    
  105   47  3.4186E+06   21.99    
  105   48   0.000       0.000    
  105   49   0.000       0.000    
  105   50   0.000       0.000    
  104   40   0.000       0.000    
  104   41   0.000       0.000    
  104   42   0.000       0.000    
  104   43   0.000       0.000    
  104   44   0.000       0.000    
  104   45   0.000       0.000    
  104   46   0.000       0.000    
  104   47   0.000       0.000    
  104   48   0.000       0.000    
  104   49   0.000       0.000    
  104   50   0.000       0.000    
  103   40   0.000       0.000    
  103   41   0.000       0.000    
  103   42   0.000       0.000    
  103   43   0.000       0.000    
  103   44  7.3221E+11  4.7564E-02
  103   45   0.000       0.000    
  103   46  1.3623E+07   14.08    
  103   47   0.000       0.000    
  103   48   0.000       0.000    
  103   49   0.000       0.000    
  103   50   0.000       0.000    
  102   40   0.000       0.000    
  102   41   0.000       0.000    
  102   42   0.000       0.000    
  102   43   0.000       0.000    
  102   44   0.000       0.000    
  102   45  2.4761E+07   2.873    
  102   46   0.000       0.000    
  102   47   0.000       0.000    
  102   48   0.000       0.000    
  102   49   0.000       0.000    
  102   50   0.000       0.000    
  101   40   0.000       0.000    
  101   41   0.000       0.000    
  101   42   0.000       0.000    
  101   43   0.000       0.000    
  101   44   0.000       0.000    
  101   45  7.0413E+05   7.330    
  101   46   0.000       0.000    
  101   47   0.000       0.000    
  101   48   0.000       0.000    
  101   49   0.000       0.000    
  101   50   0.000       0.000    
  100   40   0.000       0.000    
  100   41   0.000       0.000    
  100   42   0.000       0.000    
  100   43   0.000       0.000    
  100   44   0.000       0.000    
  100   45   3333.       34.85    
  100   46   0.000       0.000    
  100   47   0.000       0.000    
  100   48   0.000       0.000    
  100   49   0.000       0.000    
  100   50   0.000       0.000    
   99   40   0.000       0.000    
   99   41   0.000       0.000    
   99   42  2.8525E+11  5.7890E-02
   99   43  3.4144E+05  5.7680E-02
   99   44   0.000       0.000    
   99   45   0.000       0.000    
   99   46   0.000       0.000    
   99   47   0.000       0.000    
   99   48   0.000       0.000    
   99   49   0.000       0.000    
   99   50   0.000       0.000    
   98   40   0.000       0.000    
   98   41   0.000       0.000    
   98   42   0.000       0.000    
   98   43   42.64       1.106    
   98   44   0.000       0.000    
   98   45   0.000       0.000    
   98   46   0.000       0.000    
   98   47   0.000       0.000    
   98   48   0.000       0.000    
   98   49   0.000       0.000    
   98   50   0.000       0.000    
   97   40  1.5270E+08  6.5420E-02
   97   41  1.6452E+08  6.5420E-02
   97   42   0.000       0.000    
   97   43   7.541       2.496    
   97   44  5.1930E+05   44.36    
   97   45   0.000       0.000    
   97   46   0.000       0.000    
   97   47   0.000       0.000    
   97   48   0.000       0.000    
   97   49   0.000       0.000    
   97   50   0.000       0.000    
   96   40   0.000       0.000    
   96   41  2.8202E+08  0.1872    
   96   42   0.000       0.000    
   96   43  2.7779E+07   8.512    
   96   44   0.000       0.000    
   96   45   0.000       0.000    
   96   46   0.000       0.000    
   96   47   0.000       0.000    
   96   48   0.000       0.000    
   96   49   0.000       0.000    
   96   50   0.000       0.000    
   95   40  3.2634E+11  6.0138E-02
   95   41  1.1221E+11  7.7386E-02
   95   42   0.000       0.000    
   95   43  4.2596E+04   24.90    
   95   44   0.000       0.000    
   95   45   0.000       0.000    
   95   46   0.000       0.000    
   95   47   0.000       0.000    
   95   48   0.000       0.000    
   95   49   0.000       0.000    
   95   50   0.000       0.000    
   94   40   0.000       0.000    
   94   41  3.5473E+04  0.5698    
   94   42   0.000       0.000    
   94   43  1.0025E-09   99.00    
   94   44   0.000       0.000    
   94   45   0.000       0.000    
   94   46   0.000       0.000    
   94   47   0.000       0.000    
   94   48   0.000       0.000    
   94   49   0.000       0.000    
   94   50   0.000       0.000    
   93   40  4.5045E+04  5.5607E-02
   93   41   0.000       0.000    
   93   42   343.4       14.09    
   93   43   0.000       0.000    
   93   44   0.000       0.000    
   93   45   0.000       0.000    
   93   46   0.000       0.000    
   93   47   0.000       0.000    
   93   48   0.000       0.000    
   93   49   0.000       0.000    
   93   50   0.000       0.000    
   92   40   0.000       0.000    
   92   41  0.3866       2.997    
   92   42   0.000       0.000    
   92   43   0.000       0.000    
   92   44   0.000       0.000    
   92   45   0.000       0.000    
   92   46   0.000       0.000    
   92   47   0.000       0.000    
   92   48   0.000       0.000    
   92   49   0.000       0.000    
   92   50   0.000       0.000    
   91   40   0.000       0.000    
   91   41   3673.       7.478    
   91   42   0.000       0.000    
   91   43   0.000       0.000    
   91   44   0.000       0.000    
   91   45   0.000       0.000    
   91   46   0.000       0.000    
   91   47   0.000       0.000    
   91   48   0.000       0.000    
   91   49   0.000       0.000    
   91   50   0.000       0.000    
   90   40   0.000       0.000    
   90   41   42.17       57.50    
   90   42   0.000       0.000    
   90   43   0.000       0.000    
   90   44   0.000       0.000    
   90   45   0.000       0.000    
   90   46   0.000       0.000    
   90   47   0.000       0.000    
   90   48   0.000       0.000    
   90   49   0.000       0.000    
   90   50   0.000       0.000    
   89   40  2.3989E+07   6.921    
   89   41   0.000       0.000    
   89   42   0.000       0.000    
   89   43   0.000       0.000    
   89   44   0.000       0.000    
   89   45   0.000       0.000    
   89   46   0.000       0.000    
   89   47   0.000       0.000    
   89   48   0.000       0.000    
   89   49   0.000       0.000    
   89   50   0.000       0.000    
   88   40  1.5571E+06   26.26    
   88   41   0.000       0.000    
   88   42   0.000       0.000    
   88   43   0.000       0.000    
   88   44   0.000       0.000    
   88   45   0.000       0.000    
   88   46   0.000       0.000    
   88   47   0.000       0.000    
   88   48   0.000       0.000    
   88   49   0.000       0.000    
   88   50   0.000       0.000    
   87   40  1.2372E-37   99.00    
   87   41   0.000       0.000    
   87   42   0.000       0.000    
   87   43   0.000       0.000    
   87   44   0.000       0.000    
   87   45   0.000       0.000    
   87   46   0.000       0.000    
   87   47   0.000       0.000    
   87   48   0.000       0.000    
   87   49   0.000       0.000    
   87   50   0.000       0.000    
   93   29   0.000       0.000    
   93   30   0.000       0.000    
   93   31   0.000       0.000    
   93   32   0.000       0.000    
   93   33   0.000       0.000    
   93   34   0.000       0.000    
   93   35   0.000       0.000    
   93   36   0.000       0.000    
   93   37   0.000       0.000    
   93   38   0.000       0.000    
   93   39  2.7818E+05  5.6168E-02
   92   29   0.000       0.000    
   92   30   0.000       0.000    
   92   31   0.000       0.000    
   92   32   0.000       0.000    
   92   33   0.000       0.000    
   92   34   0.000       0.000    
   92   35   0.000       0.000    
   92   36   0.000       0.000    
   92   37   0.000       0.000    
   92   38  6.9850E-15  6.0705E-02
   92   39  5.5030E-08  5.8718E-02
   91   29   0.000       0.000    
   91   30   0.000       0.000    
   91   31   0.000       0.000    
   91   32   0.000       0.000    
   91   33   0.000       0.000    
   91   34   0.000       0.000    
   91   35   0.000       0.000    
   91   36   0.000       0.000    
   91   37   0.000       0.000    
   91   38  1.0437E+05  6.3063E-02
   91   39  3.5497E+11  6.0982E-02
   90   29   0.000       0.000    
   90   30   0.000       0.000    
   90   31   0.000       0.000    
   90   32   0.000       0.000    
   90   33   0.000       0.000    
   90   34   0.000       0.000    
   90   35   0.000       0.000    
   90   36   0.000       0.000    
   90   37   0.000       0.000    
   90   38  2.3316E+09  5.7915E-02
   90   39  8.2352E+09  0.2789    
   89   29   0.000       0.000    
   89   30   0.000       0.000    
   89   31   0.000       0.000    
   89   32   0.000       0.000    
   89   33   0.000       0.000    
   89   34   0.000       0.000    
   89   35   0.000       0.000    
   89   36   0.000       0.000    
   89   37   0.000       0.000    
   89   38  3.9575E+11  6.0991E-02
   89   39   0.000       0.000    
   88   29   0.000       0.000    
   88   30   0.000       0.000    
   88   31   0.000       0.000    
   88   32   0.000       0.000    
   88   33   0.000       0.000    
   88   34   0.000       0.000    
   88   35   0.000       0.000    
   88   36  1.0171E-13  6.4816E-02
   88   37  1.1356E-13  6.4816E-02
   88   38   0.000       0.000    
   88   39  1.8516E+08   2.013    
   87   29   0.000       0.000    
   87   30   0.000       0.000    
   87   31   0.000       0.000    
   87   32   0.000       0.000    
   87   33   0.000       0.000    
   87   34   0.000       0.000    
   87   35   0.000       0.000    
   87   36  4.2039E-45   0.000    
   87   37   1.319      5.8926E-02
   87   38   0.000       0.000    
   87   39  4.8628E+07   5.341    
   86   29   0.000       0.000    
   86   30   0.000       0.000    
   86   31   0.000       0.000    
   86   32   0.000       0.000    
   86   33   0.000       0.000    
   86   34   0.000       0.000    
   86   35   0.000       0.000    
   86   36   0.000       0.000    
   86   37  2.7895E+10  0.3256    
   86   38   0.000       0.000    
   86   39   321.0       24.75    
   85   29   0.000       0.000    
   85   30   0.000       0.000    
   85   31   0.000       0.000    
   85   32   0.000       0.000    
   85   33   0.000       0.000    
   85   34   0.000       0.000    
   85   35   0.000       0.000    
   85   36  1.3535E+09  7.9078E-02
   85   37   0.000       0.000    
   85   38  5.9230E+07   4.011    
   85   39  7.6072E-14   70.57    
   84   29   0.000       0.000    
   84   30   0.000       0.000    
   84   31   0.000       0.000    
   84   32   0.000       0.000    
   84   33   0.000       0.000    
   84   34   0.000       0.000    
   84   35   0.000       0.000    
   84   36   0.000       0.000    
   84   37  1.0853E+09   1.303    
   84   38   0.000       0.000    
   84   39   0.000       0.000    
   83   29   0.000       0.000    
   83   30   0.000       0.000    
   83   31   0.000       0.000    
   83   32   0.000       0.000    
   83   33   0.000       0.000    
   83   34   0.000       0.000    
   83   35  1.9408E-18  7.3878E-02
   83   36   0.000       0.000    
   83   37  1.2075E+08   2.684    
   83   38  3.6598E+04   44.36    
   83   39   0.000       0.000    
   82   29   0.000       0.000    
   82   30   0.000       0.000    
   82   31   0.000       0.000    
   82   32   0.000       0.000    
   82   33   0.000       0.000    
   82   34   0.000       0.000    
   82   35  1.3476E+09  0.2913    
   82   36   0.000       0.000    
   82   37  4.5216E+05   70.57    
   82   38  4.5215E+05   70.57    
   82   39   0.000       0.000    
   81   29   0.000       0.000    
   81   30   0.000       0.000    
   81   31   0.000       0.000    
   81   32   0.000       0.000    
   81   33   0.000       0.000    
   81   34   0.000       0.000    
   81   35   0.000       0.000    
   81   36   183.0       2.351    
   81   37  4.4763E-09   20.93    
   81   38   0.000       0.000    
   81   39   0.000       0.000    
   80   29   0.000       0.000    
   80   30   0.000       0.000    
   80   31   0.000       0.000    
   80   32   0.000       0.000    
   80   33   0.000       0.000    
   80   34   0.000       0.000    
   80   35  3.6075E-07  0.9246    
   80   36   0.000       0.000    
   80   37   0.000       0.000    
   80   38   0.000       0.000    
   80   39   0.000       0.000    
   79   29   0.000       0.000    
   79   30   0.000       0.000    
   79   31   0.000       0.000    
   79   32   0.000       0.000    
   79   33   0.000       0.000    
   79   34  3.3363E+04  0.1081    
   79   35   0.000       0.000    
   79   36  3.6488E+05   17.53    
   79   37   0.000       0.000    
   79   38   0.000       0.000    
   79   39   0.000       0.000    
   78   29   0.000       0.000    
   78   30   0.000       0.000    
   78   31   0.000       0.000    
   78   32  4.4925E-38  0.1203    
   78   33  4.2942E-35  0.1196    
   78   34   0.000       0.000    
   78   35   0.000       0.000    
   78   36   0.000       0.000    
   78   37   0.000       0.000    
   78   38   0.000       0.000    
   78   39   0.000       0.000    
   77   29   0.000       0.000    
   77   30   0.000       0.000    
   77   31   0.000       0.000    
   77   32  8.6973E+04  0.1599    
   77   33  1.0928E+10  0.1272    
   77   34   0.000       0.000    
   77   35  7.4786E+06   9.234    
   77   36   0.000       0.000    
   77   37   0.000       0.000    
   77   38   0.000       0.000    
   77   39   0.000       0.000    
   76   29   0.000       0.000    
   76   30   0.000       0.000    
   76   31   0.000       0.000    
   76   32   0.000       0.000    
   76   33  3.6760E+07  0.8199    
   76   34   0.000       0.000    
   76   35   561.2       27.06    
   76   36   0.000       0.000    
   76   37   0.000       0.000    
   76   38   0.000       0.000    
   76   39   0.000       0.000    
   75   29   0.000       0.000    
   75   30   0.000       0.000    
   75   31   0.000       0.000    
   75   32  1.8046E-41  0.1720    
   75   33   0.000       0.000    
   75   34  8.7418E+06   8.598    
   75   35  3.7120E-39   70.57    
   75   36   0.000       0.000    
   75   37   0.000       0.000    
   75   38   0.000       0.000    
   75   39   0.000       0.000    
   74   29   0.000       0.000    
   74   30   0.000       0.000    
   74   31   0.000       0.000    
   74   32   0.000       0.000    
   74   33  2.7617E+08   3.217    
   74   34   0.000       0.000    
   74   35   0.000       0.000    
   74   36   0.000       0.000    
   74   37   0.000       0.000    
   74   38   0.000       0.000    
   74   39   0.000       0.000    
   73   29   0.000       0.000    
   73   30   0.000       0.000    
   73   31  2.9696E-04  0.2396    
   73   32   0.000       0.000    
   73   33  2.7456E+07   5.778    
   73   34  1.7669E-04   70.57    
   73   35   0.000       0.000    
   73   36   0.000       0.000    
   73   37   0.000       0.000    
   73   38   0.000       0.000    
   73   39   0.000       0.000    
   72   29   0.000       0.000    
   72   30  4.1349E+09  0.2988    
   72   31  5.9340E+09  0.2988    
   72   32   0.000       0.000    
   72   33  4.3548E+04   24.90    
   72   34   0.000       0.000    
   72   35   0.000       0.000    
   72   36   0.000       0.000    
   72   37   0.000       0.000    
   72   38   0.000       0.000    
   72   39   0.000       0.000    
   71   29   0.000       0.000    
   71   30  3.8231E-12  0.6769    
   71   31   0.000       0.000    
   71   32  7.0035E+07   6.595    
   71   33  5.3984E+05   40.41    
   71   34   0.000       0.000    
   71   35   0.000       0.000    
   71   36   0.000       0.000    
   71   37   0.000       0.000    
   71   38   0.000       0.000    
   71   39   0.000       0.000    
   70   29   0.000       0.000    
   70   30   0.000       0.000    
   70   31   0.000       0.000    
   70   32   0.000       0.000    
   70   33   0.000       0.000    
   70   34   0.000       0.000    
   70   35   0.000       0.000    
   70   36   0.000       0.000    
   70   37   0.000       0.000    
   70   38   0.000       0.000    
   70   39   0.000       0.000    
   69   29   0.000       0.000    
   69   30  1.2256E+04   1.707    
   69   31   0.000       0.000    
   69   32  6.9499E+04   49.70    
   69   33   0.000       0.000    
   69   34   0.000       0.000    
   69   35   0.000       0.000    
   69   36   0.000       0.000    
   69   37   0.000       0.000    
   69   38   0.000       0.000    
   69   39   0.000       0.000    
   68   29   0.000       0.000    
   68   30   0.000       0.000    
   68   31  3.0745E+04   99.00    
   68   32  3.0740E+04   99.00    
   68   33   0.000       0.000    
   68   34   0.000       0.000    
   68   35   0.000       0.000    
   68   36   0.000       0.000    
   68   37   0.000       0.000    
   68   38   0.000       0.000    
   68   39   0.000       0.000    
   67   29  1.4274E+09  0.7675    
   67   30   0.000       0.000    
   67   31  9.1894E+05   37.34    
   67   32   0.000       0.000    
   67   33   0.000       0.000    
   67   34   0.000       0.000    
   67   35   0.000       0.000    
   67   36   0.000       0.000    
   67   37   0.000       0.000    
   67   38   0.000       0.000    
   67   39   0.000       0.000    
   66   29  5.9901E+08  0.9576    
   66   30   0.000       0.000    
   66   31  3.0425E-02   99.00    
   66   32   0.000       0.000    
   66   33   0.000       0.000    
   66   34   0.000       0.000    
   66   35   0.000       0.000    
   66   36   0.000       0.000    
   66   37   0.000       0.000    
   66   38   0.000       0.000    
   66   39   0.000       0.000    
   65   29   0.000       0.000    
   65   30  1.6970E+05   44.36    
   65   31   0.000       0.000    
   65   32   0.000       0.000    
   65   33   0.000       0.000    
   65   34   0.000       0.000    
   65   35   0.000       0.000    
   65   36   0.000       0.000    
   65   37   0.000       0.000    
   65   38   0.000       0.000    
   65   39   0.000       0.000    
   64   29   168.7       11.62    
   64   30   0.000       0.000    
   64   31   0.000       0.000    
   64   32   0.000       0.000    
   64   33   0.000       0.000    
   64   34   0.000       0.000    
   64   35   0.000       0.000    
   64   36   0.000       0.000    
   64   37   0.000       0.000    
   64   38   0.000       0.000    
   64   39   0.000       0.000    
   66   18   0.000       0.000    
   66   19   0.000       0.000    
   66   20   0.000       0.000    
   66   21   0.000       0.000    
   66   22   0.000       0.000    
   66   23   0.000       0.000    
   66   24   0.000       0.000    
   66   25   0.000       0.000    
   66   26   0.000       0.000    
   66   27   0.000       0.000    
   66   28  5.9808E+08  0.9576    
   65   18   0.000       0.000    
   65   19   0.000       0.000    
   65   20   0.000       0.000    
   65   21   0.000       0.000    
   65   22   0.000       0.000    
   65   23   0.000       0.000    
   65   24   0.000       0.000    
   65   25   0.000       0.000    
   65   26   0.000       0.000    
   65   27   0.000       0.000    
   65   28  1.6567E-19   1.294    
   64   18   0.000       0.000    
   64   19   0.000       0.000    
   64   20   0.000       0.000    
   64   21   0.000       0.000    
   64   22   0.000       0.000    
   64   23   0.000       0.000    
   64   24   0.000       0.000    
   64   25   0.000       0.000    
   64   26   0.000       0.000    
   64   27   0.000       0.000    
   64   28   0.000       0.000    
   63   18   0.000       0.000    
   63   19   0.000       0.000    
   63   20   0.000       0.000    
   63   21   0.000       0.000    
   63   22   0.000       0.000    
   63   23   0.000       0.000    
   63   24   0.000       0.000    
   63   25   0.000       0.000    
   63   26   0.000       0.000    
   63   27   0.000       0.000    
   63   28  5.8653E+05   2.015    
   62   18   0.000       0.000    
   62   19   0.000       0.000    
   62   20   0.000       0.000    
   62   21   0.000       0.000    
   62   22   0.000       0.000    
   62   23   0.000       0.000    
   62   24   0.000       0.000    
   62   25   0.000       0.000    
   62   26   0.000       0.000    
   62   27   0.000       0.000    
   62   28   0.000       0.000    
   61   18   0.000       0.000    
   61   19   0.000       0.000    
   61   20   0.000       0.000    
   61   21   0.000       0.000    
   61   22   0.000       0.000    
   61   23   0.000       0.000    
   61   24   0.000       0.000    
   61   25   0.000       0.000    
   61   26   0.000       0.000    
   61   27  1.7121E-35   3.449    
   61   28   0.000       0.000    
   60   18   0.000       0.000    
   60   19   0.000       0.000    
   60   20   0.000       0.000    
   60   21   0.000       0.000    
   60   22   0.000       0.000    
   60   23   0.000       0.000    
   60   24   0.000       0.000    
   60   25   0.000       0.000    
   60   26   7.442       4.933    
   60   27  1.2952E+05   19.43    
   60   28   0.000       0.000    
   59   18   0.000       0.000    
   59   19   0.000       0.000    
   59   20   0.000       0.000    
   59   21   0.000       0.000    
   59   22   0.000       0.000    
   59   23   0.000       0.000    
   59   24   0.000       0.000    
   59   25   0.000       0.000    
   59   26  4.4825E+07   5.927    
   59   27   0.000       0.000    
   59   28  0.9355       57.50    
   58   18   0.000       0.000    
   58   19   0.000       0.000    
   58   20   0.000       0.000    
   58   21   0.000       0.000    
   58   22   0.000       0.000    
   58   23   0.000       0.000    
   58   24   0.000       0.000    
   58   25   0.000       0.000    
   58   26   0.000       0.000    
   58   27  3.1739E+05   57.50    
   58   28   0.000       0.000    
   57   18   0.000       0.000    
   57   19   0.000       0.000    
   57   20   0.000       0.000    
   57   21   0.000       0.000    
   57   22   0.000       0.000    
   57   23   0.000       0.000    
   57   24   0.000       0.000    
   57   25   0.000       0.000    
   57   26   0.000       0.000    
   57   27  1.8380E+05   40.41    
   57   28   0.000       0.000    
   56   18   0.000       0.000    
   56   19   0.000       0.000    
   56   20   0.000       0.000    
   56   21   0.000       0.000    
   56   22   0.000       0.000    
   56   23   0.000       0.000    
   56   24   0.000       0.000    
   56   25  7.5526E-21   13.36    
   56   26   0.000       0.000    
   56   27  1.9578E+05   70.57    
   56   28   0.000       0.000    
   55   18   0.000       0.000    
   55   19   0.000       0.000    
   55   20   0.000       0.000    
   55   21   0.000       0.000    
   55   22   0.000       0.000    
   55   23   0.000       0.000    
   55   24   0.000       0.000    
   55   25   0.000       0.000    
   55   26  1.7183E+05   24.75    
   55   27   94.37       99.00    
   55   28   0.000       0.000    
   54   18   0.000       0.000    
   54   19   0.000       0.000    
   54   20   0.000       0.000    
   54   21   0.000       0.000    
   54   22   0.000       0.000    
   54   23   0.000       0.000    
   54   24   0.000       0.000    
   54   25  3.2169E+05   28.22    
   54   26   0.000       0.000    
   54   27   0.000       0.000    
   54   28   0.000       0.000    
   53   18   0.000       0.000    
   53   19   0.000       0.000    
   53   20   0.000       0.000    
   53   21   0.000       0.000    
   53   22   0.000       0.000    
   53   23   0.000       0.000    
   53   24   0.000       0.000    
   53   25  0.1204       22.10    
   53   26   0.000       0.000    
   53   27   0.000       0.000    
   53   28   0.000       0.000    
   52   18   0.000       0.000    
   52   19   0.000       0.000    
   52   20   0.000       0.000    
   52   21   0.000       0.000    
   52   22   0.000       0.000    
   52   23   0.000       0.000    
   52   24   0.000       0.000    
   52   25  1.4445E+06   34.80    
   52   26  2.3197E-03   70.57    
   52   27   0.000       0.000    
   52   28   0.000       0.000    
   51   18   0.000       0.000    
   51   19   0.000       0.000    
   51   20   0.000       0.000    
   51   21   0.000       0.000    
   51   22   0.000       0.000    
   51   23   0.000       0.000    
   51   24  1.2907E+06   40.41    
   51   25   0.000       0.000    
   51   26   0.000       0.000    
   51   27   0.000       0.000    
   51   28   0.000       0.000    
   50   18   0.000       0.000    
   50   19   0.000       0.000    
   50   20   0.000       0.000    
   50   21   0.000       0.000    
   50   22   0.000       0.000    
   50   23   0.000       0.000    
   50   24   0.000       0.000    
   50   25   0.000       0.000    
   50   26   0.000       0.000    
   50   27   0.000       0.000    
   50   28   0.000       0.000    
   49   18   0.000       0.000    
   49   19   0.000       0.000    
   49   20   0.000       0.000    
   49   21   0.000       0.000    
   49   22   0.000       0.000    
   49   23  1.9855E+05   34.85    
   49   24   0.000       0.000    
   49   25   0.000       0.000    
   49   26   0.000       0.000    
   49   27   0.000       0.000    
   49   28   0.000       0.000    
   48   18   0.000       0.000    
   48   19   0.000       0.000    
   48   20   0.000       0.000    
   48   21   0.000       0.000    
   48   22   0.000       0.000    
   48   23  1.1387E+06   49.70    
   48   24   0.000       0.000    
   48   25   0.000       0.000    
   48   26   0.000       0.000    
   48   27   0.000       0.000    
   48   28   0.000       0.000    
   47   18   0.000       0.000    
   47   19   0.000       0.000    
   47   20   2417.       99.00    
   47   21  1.4216E+05   96.66    
   47   22   0.000       0.000    
   47   23   0.000       0.000    
   47   24   0.000       0.000    
   47   25   0.000       0.000    
   47   26   0.000       0.000    
   47   27   0.000       0.000    
   47   28   0.000       0.000    
   46   18   0.000       0.000    
   46   19   0.000       0.000    
   46   20   0.000       0.000    
   46   21   0.000       0.000    
   46   22   0.000       0.000    
   46   23   0.000       0.000    
   46   24   0.000       0.000    
   46   25   0.000       0.000    
   46   26   0.000       0.000    
   46   27   0.000       0.000    
   46   28   0.000       0.000    
   45   18   0.000       0.000    
   45   19   0.000       0.000    
   45   20   0.000       0.000    
   45   21   0.000       0.000    
   45   22   0.000       0.000    
   45   23   0.000       0.000    
   45   24   0.000       0.000    
   45   25   0.000       0.000    
   45   26   0.000       0.000    
   45   27   0.000       0.000    
   45   28   0.000       0.000    
   44   18   0.000       0.000    
   44   19   0.000       0.000    
   44   20   0.000       0.000    
   44   21   483.4       99.00    
   44   22   483.4       99.00    
   44   23   0.000       0.000    
   44   24   0.000       0.000    
   44   25   0.000       0.000    
   44   26   0.000       0.000    
   44   27   0.000       0.000    
   44   28   0.000       0.000    
   43   18   0.000       0.000    
   43   19   1439.       70.57    
   43   20   0.000       0.000    
   43   21   0.000       0.000    
   43   22   0.000       0.000    
   43   23   0.000       0.000    
   43   24   0.000       0.000    
   43   25   0.000       0.000    
   43   26   0.000       0.000    
   43   27   0.000       0.000    
   43   28   0.000       0.000    
   24    7   0.000       0.000    
   24    8   0.000       0.000    
   24    9   0.000       0.000    
   24   10   0.000       0.000    
   24   11   8730.       4.581    
   24   12   0.000       0.000    
   24   13   0.000       0.000    
   24   14   0.000       0.000    
   24   15   0.000       0.000    
   24   16   0.000       0.000    
   24   17   0.000       0.000    
   23    7   0.000       0.000    
   23    8   0.000       0.000    
   23    9   0.000       0.000    
   23   10   0.000       0.000    
   23   11   0.000       0.000    
   23   12   0.000       0.000    
   23   13   0.000       0.000    
   23   14   0.000       0.000    
   23   15   0.000       0.000    
   23   16   0.000       0.000    
   23   17   0.000       0.000    
   22    7   0.000       0.000    
   22    8   0.000       0.000    
   22    9   0.000       0.000    
   22   10   0.000       0.000    
   22   11   0.000       0.000    
   22   12   0.000       0.000    
   22   13   0.000       0.000    
   22   14   0.000       0.000    
   22   15   0.000       0.000    
   22   16   0.000       0.000    
   22   17   0.000       0.000    
   21    7   0.000       0.000    
   21    8   0.000       0.000    
   21    9   0.000       0.000    
   21   10   0.000       0.000    
   21   11   0.000       0.000    
   21   12   0.000       0.000    
   21   13   0.000       0.000    
   21   14   0.000       0.000    
   21   15   0.000       0.000    
   21   16   0.000       0.000    
   21   17   0.000       0.000    
   20    7   0.000       0.000    
   20    8   0.000       0.000    
   20    9   0.000       0.000    
   20   10   0.000       0.000    
   20   11   0.000       0.000    
   20   12   0.000       0.000    
   20   13   0.000       0.000    
   20   14   0.000       0.000    
   20   15   0.000       0.000    
   20   16   0.000       0.000    
   20   17   0.000       0.000    
   19    7   0.000       0.000    
   19    8   0.000       0.000    
   19    9   0.000       0.000    
   19   10   0.000       0.000    
   19   11   0.000       0.000    
   19   12   0.000       0.000    
   19   13   0.000       0.000    
   19   14   0.000       0.000    
   19   15   0.000       0.000    
   19   16   0.000       0.000    
   19   17   0.000       0.000    
   18    7   0.000       0.000    
   18    8   0.000       0.000    
   18    9  8.0744E-34   70.57    
   18   10   0.000       0.000    
   18   11   0.000       0.000    
   18   12   0.000       0.000    
   18   13   0.000       0.000    
   18   14   0.000       0.000    
   18   15   0.000       0.000    
   18   16   0.000       0.000    
   18   17   0.000       0.000    
   14    1   0.000       0.000    
   14    2   0.000       0.000    
   14    3   0.000       0.000    
   14    4   0.000       0.000    
   14    5   0.000       0.000    
   14    6   2304.       4.295    
   13    1   0.000       0.000    
   13    2   0.000       0.000    
   13    3   0.000       0.000    
   13    4   0.000       0.000    
   13    5   0.000       0.000    
   13    6   0.000       0.000    
   12    1   0.000       0.000    
   12    2   0.000       0.000    
   12    3   0.000       0.000    
   12    4   0.000       0.000    
   12    5   0.000       0.000    
   12    6   0.000       0.000    
   11    1   0.000       0.000    
   11    2   0.000       0.000    
   11    3   0.000       0.000    
   11    4   0.000       0.000    
   11    5   0.000       0.000    
   11    6   0.000       0.000    
   10    1   0.000       0.000    
   10    2   0.000       0.000    
   10    3   0.000       0.000    
   10    4   3.108       7.458    
   10    5   0.000       0.000    
   10    6   0.000       0.000    
    9    1   0.000       0.000    
    9    2   0.000       0.000    
    9    3   0.000       0.000    
    9    4   0.000       0.000    
    9    5   0.000       0.000    
    9    6   0.000       0.000    
    8    1   0.000       0.000    
    8    2   0.000       0.000    
    8    3   0.000       0.000    
    8    4   0.000       0.000    
    8    5   0.000       0.000    
    8    6   0.000       0.000    
    7    1   0.000       0.000    
    7    2   0.000       0.000    
    7    3   0.000       0.000    
    7    4  4.8114E+06   16.42    
    7    5   0.000       0.000    
    7    6   0.000       0.000    
    6    1   0.000       0.000    
    6    2   0.000       0.000    
    6    3   0.000       0.000    
    6    4   0.000       0.000    
    6    5   0.000       0.000    
    6    6   0.000       0.000    
    5    1   0.000       0.000    
    5    2   0.000       0.000    
    5    3   0.000       0.000    
    5    4   0.000       0.000    
    5    5   0.000       0.000    
    5    6   0.000       0.000    
    4    1   0.000       0.000    
    4    2   0.000       0.000    
    4    3   0.000       0.000    
    4    4   0.000       0.000    
    4    5   0.000       0.000    
    4    6   0.000       0.000    
    3    1  8.4164E+09  4.6511E-02
    3    2   0.000       0.000    
    3    3   0.000       0.000    
    3    4   0.000       0.000    
    3    5   0.000       0.000    
    3    6   0.000       0.000    
# A/Z/m Isomers:
   58   27    1  2.3792E-02   57.50    
   60   27    1   7.442       4.933    
   69   30    1  1.1422E+04   1.707    
   71   30    1  7.5711E-09  0.6769    
   73   32    1  2.9435E-04  0.2396    
   77   34    1  2.3375E+07  0.1272    
   80   35    1  3.3670E-07  0.9246    
   82   37    1  6.3875E-04   8.405    
   83   36    1  8.1699E-18  7.3878E-02
   85   36    1  2.0678E-04  6.6799E-02
   85   39    1  1.7003E-09   70.57    
   87   38    1  2.2078E-16  0.6507    
   87   39    1   805.5       5.354    
   89   39    1  6.0764E+07   2.730    
   90   39    1  9.4652E-13  0.3838    
   90   40    1  1.7038E-17  0.3838    
   91   39    1  5.7099E+04  6.3063E-02
   91   41    1  1.1029E+07   7.478    
   92   41    1  1.7657E+08   2.997    
   93   41    1  5.9960E+06   1.072    
   93   42    1  1.0270E-03   14.09    
   95   41    1  1.3298E+10  0.2091    
   95   43    1  1.0170E+06   24.90    
   97   41    1  1.4470E+08  6.5420E-02
   97   43    1  6.3491E+07   2.480    
   99   43    1  2.7462E+11  5.7890E-02
  101   45    1  1.8843E+07   7.330    
  102   45    1  5.0416E+06   2.873    
  103   45    1  7.3111E+11  4.7543E-02
  105   45    1  9.1659E-05  4.4495E-02
  106   45    1  9.9275E-23  0.1707    
  106   47    1  1.7534E+07   9.709    
  107   47    1  3.8360E-05   49.70    
  108   47    1  2.1079E+05   1.104    
  109   47    1  4.4557E+07  0.7826    
  110   47    1  2.0298E+09  0.2918    
  111   46    1  7.0697E-02  8.0779E-02
  111   47    1  6.9143E-02  8.0779E-02
  111   48    1  5.8677E+06   9.680    
  113   48    1  3.0497E+08  0.1120    
  113   49    1  1.0507E+06   24.24    
  114   49    1  1.3116E+09  0.6253    
  115   48    1  9.4692E+10  8.6454E-02
  115   49    1  2.7806E+11  4.3986E-02
  117   48    1  7.8932E-10  4.9487E-02
  117   49    1  2.6086E-11  4.9487E-02
  117   50    1  1.0259E+10  0.2985    
  118   51    1  7.1051E-06   1.779    
  119   50    1  5.0763E+09  0.1559    
  119   52    1  1.0901E+07   10.41    
  120   51    1  7.2554E+09  0.4373    
  121   50    1  2.7163E+08  8.1163E-02
  121   52    1  1.3038E+08   1.359    
  123   52    1  2.2596E+09  0.3963    
  125   52    1  2.1426E+10  0.1802    
  126   51    1  2.2353E+05  0.1022    
  127   52    1  4.4346E+10  8.3029E-02
  129   52    1  9.3939E+10  9.8733E-02
  129   54    1  1.3405E+10  0.3178    
  129   56    1  4.7603E-27   25.08    
  131   52    1  1.6894E+09  0.1156    
  131   54    1  5.7225E+10  0.1460    
  133   54    1  2.1720E+10  8.9356E-02
  133   56    1  1.4516E+08  0.7598    
  134   55    1  3.4220E-14  0.1813    
  135   54    1   1.484      0.1059    
  135   56    1  2.2629E+08  0.2822    
  136   56    1  2.2102E+10  0.1045    
  137   56    1  1.4417E+09  6.8878E-02
  137   58    1  1.0739E+07   2.263    
  138   59    1  5.1517E-27   9.802    
  139   60    1  4.5638E-08   99.00    
  144   59    1  5.7731E+08  8.2979E-02
  148   61    1  9.6816E+08  0.9153    
  150   63    1   124.6       10.25    
  152   63    1   4.854       3.751    
  154   65    1  8.5747E-03   99.00    
  154   65    2   273.0       99.00    
  156   65    1  1.2275E+04   18.21    
  156   65    2  2.6237E-07   18.21    
  166   67    1   523.4       12.79    
  167   68    1  1.1975E-16   7.679    
  176   71    1  1.6626E-14   70.57    
  177   71    1  2.5275E+04   99.00    
  180   72    1  4.5638E-08   99.00    
  183   74    1  1.1912E+04   99.00    
  196   79    2  4.4468E-02   57.50    
  197   80    1   4595.       34.85    
  198   79    1  5.8280E+04   70.57    
  200   79    1   85.44       99.00    
  202   82    1  1.1294E-13   13.60    
  207   82    1  3.8458E+07  0.2973    
  210   83    1  7.7960E-03   70.57    
  234   91    1  2.8077E+07   8.931    
